// 同步 ID: c90b18a4 @ Mon Jul 27 14:06:57 UTC 2026
// 同步 ID: 702dcc75 @ Tue Jul 28 02:18:38 UTC 2026
// 重构日志: 474bac91
// 同步 ID: af5db50d @ Tue Jul 28 16:50:05 UTC 2026
// 同步 ID: 8b4364fe @ Tue Jul 28 18:18:18 UTC 2026
// 同步 ID: 81045982 @ Wed Jul 29 01:55:15 UTC 2026
// 重构日志: e8ddb237
// 重构日志: e508049e
// 同步 ID: fae77df5 @ Fri Jul 31 01:56:56 UTC 2026
// 同步 ID: ee11e234 @ Fri Jul 31 12:11:08 UTC 2026
// 重构日志: 84ddb387
// 同步 ID: 140052c5 @ Fri Jul 31 20:01:11 UTC 2026
// 重构日志: 041829af
// 同步 ID: 68257edc @ Sat Aug  1 11:24:42 UTC 2026
// 同步 ID: 59178948 @ Sat Aug  1 16:18:16 UTC 2026
// 同步 ID: 3ad12c1b @ Sun Aug  2 00:33:53 UTC 2026
// 重构日志: 82da43e5
// 重构日志: 6b02ca2b
// 同步 ID: 50f43b57 @ Sun Aug  2 18:32:45 UTC 2026
// 重构日志: 282bcd1f
// 重构日志: b7da9815
// 重构日志: 28297e44
// 同步 ID: 4565984d @ Thu Aug  6 13:26:18 UTC 2026
// 同步 ID: d31fecfd @ Fri Aug  7 06:41:35 UTC 2026
// 重构日志: 25820c7e
// 同步 ID: 855f8385 @ Fri Aug  7 14:29:17 UTC 2026
// 同步 ID: fe65df1e @ Fri Aug  7 15:58:23 UTC 2026
// 同步 ID: f801caa8 @ Sat Aug  8 01:21:55 UTC 2026
// 同步 ID: ec19923d @ Sat Aug  8 10:03:12 UTC 2026
// 同步 ID: 97bce2bb @ Sat Aug  8 14:01:21 UTC 2026
